> Task :compileJava UP-TO-DATE
> Task :processResources UP-TO-DATE
> Task :classes UP-TO-DATE
> Task :resolveMainClassName UP-TO-DATE

> Task :bootRun

  .   ____          _            __ _ _
 /\\ / ___'_ __ _ _(_)_ __  __ _ \ \ \ \
( ( )\___ | '_ | '_| | '_ \/ _` | \ \ \ \
 \\/  ___)| |_)| | | | | || (_| |  ) ) ) )
  '  |____| .__|_| |_|_| |_\__, | / / / /
 =========|_|==============|___/=/_/_/_/

 :: Spring Boot ::               (v3.4.12)

2025-12-17T12:25:36.969+09:00  INFO 8740 --- [haibackend] [           main] c.l.haibackend.HaibackendApplication     : Starting HaibackendApplication using Java 17.0.17 with PID 8740 (C:\Users\user\Desktop\historybook\backend\build\classes\java\main started by user in C:\Users\user\Desktop\historybook\backend)
2025-12-17T12:25:36.971+09:00  INFO 8740 --- [haibackend] [           main] c.l.haibackend.HaibackendApplication     : No active profile set, falling back to 1 default profile: "default"
2025-12-17T12:25:37.707+09:00  INFO 8740 --- [haibackend] [           main] .s.d.r.c.RepositoryConfigurationDelegate : Multiple Spring Data modules found, entering strict repository configuration mode
2025-12-17T12:25:37.708+09:00  INFO 8740 --- [haibackend] [           main] .s.d.r.c.RepositoryConfigurationDelegate : Bootstrapping Spring Data JPA repositories in DEFAULT mode.
2025-12-17T12:25:37.827+09:00  INFO 8740 --- [haibackend] [           main] .s.d.r.c.RepositoryConfigurationDelegate : Finished Spring Data repository scanning in 113 ms. Found 8 JPA repository interfaces.
2025-12-17T12:25:37.840+09:00  INFO 8740 --- [haibackend] [           main] .s.d.r.c.RepositoryConfigurationDelegate : Multiple Spring Data modules found, entering strict repository configuration mode
2025-12-17T12:25:37.841+09:00  INFO 8740 --- [haibackend] [           main] .s.d.r.c.RepositoryConfigurationDelegate : Bootstrapping Spring Data Redis repositories in DEFAULT mode.
2025-12-17T12:25:37.855+09:00  INFO 8740 --- [haibackend] [           main] .RepositoryConfigurationExtensionSupport : Spring Data Redis - Could not safely identify store assignment for repository candidate interface com.lgcns.haibackend.capital.repository.CapitalRepository; If you want this repository to be a Redis repository, consider annotating your entities with one of these annotations: org.springframework.data.redis.core.RedisHash (preferred), or consider extending one of the following types with your repository: org.springframework.data.keyvalue.repository.KeyValueRepository
2025-12-17T12:25:37.855+09:00  INFO 8740 --- [haibackend] [           main] .RepositoryConfigurationExtensionSupport : Spring Data Redis - Could not safely identify store assignment for repository candidate interface com.lgcns.haibackend.country.repository.CountryRepository; If you want this repository to be a Redis repository, consider annotating your entities with one of these annotations: org.springframework.data.redis.core.RedisHash (preferred), or consider extending one of the following types with your repository: org.springframework.data.keyvalue.repository.KeyValueRepository
2025-12-17T12:25:37.855+09:00  INFO 8740 --- [haibackend] [           main] .RepositoryConfigurationExtensionSupport : Spring Data Redis - Could not safely identify store assignment for repository candidate interface com.lgcns.haibackend.country.repository.KingRepository; If you want this repository to be a Redis repository, consider annotating your entities with one of these annotations: org.springframework.data.redis.core.RedisHash (preferred), or consider extending one of the following types with your repository: org.springframework.data.keyvalue.repository.KeyValueRepository
2025-12-17T12:25:37.855+09:00  INFO 8740 --- [haibackend] [           main] .RepositoryConfigurationExtensionSupport : Spring Data Redis - Could not safely identify store assignment for repository candidate interface com.lgcns.haibackend.mainEvent.repository.MainEventRepository; If you want this repository to be a Redis repository, consider annotating your entities with one of these annotations: org.springframework.data.redis.core.RedisHash (preferred), or consider extending one of the following types with your repository: org.springframework.data.keyvalue.repository.KeyValueRepository
2025-12-17T12:25:37.856+09:00  INFO 8740 --- [haibackend] [           main] .RepositoryConfigurationExtensionSupport : Spring Data Redis - Could not safely identify store assignment for repository candidate interface com.lgcns.haibackend.trade.repository.TradeRepository; If you want this repository to be a Redis repository, consider annotating your entities with one of these annotations: org.springframework.data.redis.core.RedisHash (preferred), or consider extending one of the following types with your repository: org.springframework.data.keyvalue.repository.KeyValueRepository
2025-12-17T12:25:37.856+09:00  INFO 8740 --- [haibackend] [           main] .RepositoryConfigurationExtensionSupport : Spring Data Redis - Could not safely identify store assignment for repository candidate interface com.lgcns.haibackend.user.repository.UserRepository; If you want this repository to be a Redis repository, consider annotating your entities with one of these annotations: org.springframework.data.redis.core.RedisHash (preferred), or consider extending one of the following types with your repository: org.springframework.data.keyvalue.repository.KeyValueRepository
2025-12-17T12:25:37.856+09:00  INFO 8740 --- [haibackend] [           main] .RepositoryConfigurationExtensionSupport : Spring Data Redis - Could not safely identify store assignment for repository candidate interface com.lgcns.haibackend.war.repository.BattleRepository; If you want this repository to be a Redis repository, consider annotating your entities with one of these annotations: org.springframework.data.redis.core.RedisHash (preferred), or consider extending one of the following types with your repository: org.springframework.data.keyvalue.repository.KeyValueRepository
2025-12-17T12:25:37.856+09:00  INFO 8740 --- [haibackend] [           main] .RepositoryConfigurationExtensionSupport : Spring Data Redis - Could not safely identify store assignment for repository candidate interface com.lgcns.haibackend.war.repository.WarRepository; If you want this repository to be a Redis repository, consider annotating your entities with one of these annotations: org.springframework.data.redis.core.RedisHash (preferred), or consider extending one of the following types with your repository: org.springframework.data.keyvalue.repository.KeyValueRepository
2025-12-17T12:25:37.856+09:00  INFO 8740 --- [haibackend] [           main] .s.d.r.c.RepositoryConfigurationDelegate : Finished Spring Data repository scanning in 9 ms. Found 0 Redis repository interfaces.
2025-12-17T12:25:38.320+09:00  INFO 8740 --- [haibackend] [           main] o.s.b.w.embedded.tomcat.TomcatWebServer  : Tomcat initialized with port 8080 (http)
2025-12-17T12:25:38.329+09:00  INFO 8740 --- [haibackend] [           main] o.apache.catalina.core.StandardService   : Starting service [Tomcat]
2025-12-17T12:25:38.330+09:00  INFO 8740 --- [haibackend] [           main] o.apache.catalina.core.StandardEngine    : Starting Servlet engine: [Apache Tomcat/10.1.49]
2025-12-17T12:25:38.400+09:00  INFO 8740 --- [haibackend] [           main] o.a.c.c.C.[Tomcat].[localhost].[/]       : Initializing Spring embedded WebApplicationContext
2025-12-17T12:25:38.401+09:00  INFO 8740 --- [haibackend] [           main] w.s.c.ServletWebServerApplicationContext : Root WebApplicationContext: initialization completed in 1381 ms
DEBUG FILTER: Secret Key used in Filter: ABCDEFGHIJKLMNOPQRSTUVWXYZ0123456789ABCDEF
2025-12-17T12:25:38.661+09:00  INFO 8740 --- [haibackend] [           main] o.hibernate.jpa.internal.util.LogHelper  : HHH000204: Processing PersistenceUnitInfo [name: default]
2025-12-17T12:25:38.689+09:00  INFO 8740 --- [haibackend] [           main] org.hibernate.Version                    : HHH000412: Hibernate ORM core version 6.6.36.Final
2025-12-17T12:25:38.713+09:00  INFO 8740 --- [haibackend] [           main] o.h.c.internal.RegionFactoryInitiator    : HHH000026: Second-level cache disabled
2025-12-17T12:25:38.890+09:00  INFO 8740 --- [haibackend] [           main] o.s.o.j.p.SpringPersistenceUnitInfo      : No LoadTimeWeaver setup: ignoring JPA class transformer
2025-12-17T12:25:38.911+09:00  INFO 8740 --- [haibackend] [           main] com.zaxxer.hikari.HikariDataSource       : HikariPool-1 - Starting...
2025-12-17T12:25:39.043+09:00  INFO 8740 --- [haibackend] [           main] com.zaxxer.hikari.pool.HikariPool        : HikariPool-1 - Added connection org.postgresql.jdbc.PgConnection@5dc9d25a
2025-12-17T12:25:39.045+09:00  INFO 8740 --- [haibackend] [           main] com.zaxxer.hikari.HikariDataSource       : HikariPool-1 - Start completed.
2025-12-17T12:25:39.067+09:00  WARN 8740 --- [haibackend] [           main] org.hibernate.orm.deprecation            : HHH90000025: PostgreSQLDialect does not need to be specified explicitly using 'hibernate.dialect' (remove the property setting and it will be selected by default)
2025-12-17T12:25:39.081+09:00  INFO 8740 --- [haibackend] [           main] org.hibernate.orm.connections.pooling    : HHH10001005: Database info:
	Database JDBC URL [Connecting through datasource 'HikariDataSource (HikariPool-1)']
	Database driver: undefined/unknown
	Database version: 15.15
	Autocommit mode: undefined/unknown
	Isolation level: undefined/unknown
	Minimum pool size: undefined/unknown
	Maximum pool size: undefined/unknown
2025-12-17T12:25:39.833+09:00  INFO 8740 --- [haibackend] [           main] o.h.e.t.j.p.i.JtaPlatformInitiator       : HHH000489: No JTA platform available (set 'hibernate.transaction.jta.platform' to enable JTA platform integration)
Hibernate: set client_min_messages = WARNING
Hibernate: alter table if exists battle drop constraint if exists FKfpw1bvqmhgni6epb478ho388i
Hibernate: alter table if exists capital drop constraint if exists FKixqboe7regprja667l41gd201
Hibernate: alter table if exists king drop constraint if exists FK4by2ch4qggwf9gfh9pg666aps
Hibernate: alter table if exists main_event drop constraint if exists FKkfnx0ihdxomjaj9shnuorhdlx
Hibernate: alter table if exists trade drop constraint if exists FKt7n8cchxs10xmdbuxa308ilp3
Hibernate: alter table if exists trade drop constraint if exists FKl6oo9suapnfxcx8lvfwkd4p1s
Hibernate: alter table if exists trade_route drop constraint if exists FKp8jlsqbhtp4pfv0k11x2p89et
Hibernate: alter table if exists war drop constraint if exists FKolg8f977jwmec004fy0bmhg2u
Hibernate: alter table if exists war drop constraint if exists FK4qbup2m6ttmmit2lj7tgjsowy
Hibernate: alter table if exists war drop constraint if exists FKi3soba5c3mre6nkfnyioi4suj
Hibernate: alter table if exists war drop constraint if exists FK6y4wqofvxwvtjfxcp7eiytl6x
Hibernate: drop table if exists battle cascade
Hibernate: drop table if exists capital cascade
Hibernate: drop table if exists country cascade
Hibernate: drop table if exists king cascade
Hibernate: drop table if exists main_event cascade
Hibernate: drop table if exists trade cascade
Hibernate: drop table if exists trade_route cascade
Hibernate: drop table if exists user_entity cascade
Hibernate: drop table if exists war cascade
Hibernate: create table battle (battle_date date, latitude float(53), longitude float(53), route_color varchar(7), battle_id uuid not null, war_id uuid not null, battle_name varchar(255), details TEXT, loser_general varchar(255), marker_route jsonb, winner_general varchar(255), primary key (battle_id))
Hibernate: create table capital (ended_date date, latitude float(53), longitude float(53), started_date date, capital_id uuid not null, country_id uuid, capital_name varchar(255), description TEXT, summary varchar(255), title varchar(255), primary key (capital_id))
Hibernate: create table country (country_code integer, ended_year integer, foundation_year integer, country_id uuid not null, country_en_name varchar(255), country_name varchar(255), description TEXT, summary varchar(255), title varchar(255), war_history TEXT, primary key (country_id))
Hibernate: create table king (ended_date date not null, started_date date not null, country_id uuid not null, king_id uuid not null, king_name varchar(255) not null, regnal_name varchar(255), primary key (king_id))
Hibernate: create table main_event (timeline boolean, year integer, country_id uuid, event_id uuid not null, description varchar(255), event_name varchar(255), short_name varchar(255), summary varchar(255), primary key (event_id))
Hibernate: create table trade (trade_year integer, end_country_id uuid, start_country_id uuid, trade_id uuid not null, product varchar(255), primary key (trade_id))
Hibernate: create table trade_route (route_color varchar(7), route_id uuid not null, trade_id uuid, path jsonb, primary key (route_id))
Hibernate: create table user_entity (classroom integer not null, grade integer not null, user_id uuid not null, name varchar(255) not null, nickname varchar(255) not null unique, password varchar(255) not null, role varchar(255) not null, primary key (user_id))
Hibernate: create table war (war_end_date date, war_start_date date, attack_country_id uuid not null, defence_country_id uuid not null, loser_country_id uuid, war_id uuid not null, winner_country_id uuid, description TEXT, name varchar(255) not null, result varchar(255), summary TEXT, primary key (war_id))
Hibernate: alter table if exists battle add constraint FKfpw1bvqmhgni6epb478ho388i foreign key (war_id) references war
Hibernate: alter table if exists capital add constraint FKixqboe7regprja667l41gd201 foreign key (country_id) references country
Hibernate: alter table if exists king add constraint FK4by2ch4qggwf9gfh9pg666aps foreign key (country_id) references country
Hibernate: alter table if exists main_event add constraint FKkfnx0ihdxomjaj9shnuorhdlx foreign key (country_id) references country
Hibernate: alter table if exists trade add constraint FKt7n8cchxs10xmdbuxa308ilp3 foreign key (end_country_id) references country
Hibernate: alter table if exists trade add constraint FKl6oo9suapnfxcx8lvfwkd4p1s foreign key (start_country_id) references country
Hibernate: alter table if exists trade_route add constraint FKp8jlsqbhtp4pfv0k11x2p89et foreign key (trade_id) references trade
Hibernate: alter table if exists war add constraint FKolg8f977jwmec004fy0bmhg2u foreign key (attack_country_id) references country
Hibernate: alter table if exists war add constraint FK4qbup2m6ttmmit2lj7tgjsowy foreign key (defence_country_id) references country
Hibernate: alter table if exists war add constraint FKi3soba5c3mre6nkfnyioi4suj foreign key (loser_country_id) references country
Hibernate: alter table if exists war add constraint FK6y4wqofvxwvtjfxcp7eiytl6x foreign key (winner_country_id) references country
2025-12-17T12:25:39.960+09:00  INFO 8740 --- [haibackend] [           main] j.LocalContainerEntityManagerFactoryBean : Initialized JPA EntityManagerFactory for persistence unit 'default'
2025-12-17T12:25:40.125+09:00  INFO 8740 --- [haibackend] [           main] o.s.d.j.r.query.QueryEnhancerFactory     : Hibernate is in classpath; If applicable, HQL parser will be used.
2025-12-17T12:25:40.730+09:00  WARN 8740 --- [haibackend] [           main] .s.s.UserDetailsServiceAutoConfiguration : 

Using generated security password: aaa0c066-eaf9-4e03-a387-f18aff8a45a9

This generated password is for development use only. Your security configuration must be updated before running your application in production.

2025-12-17T12:25:40.739+09:00  INFO 8740 --- [haibackend] [           main] r$InitializeUserDetailsManagerConfigurer : Global AuthenticationManager configured with UserDetailsService bean with name inMemoryUserDetailsManager
2025-12-17T12:25:40.973+09:00  INFO 8740 --- [haibackend] [           main] o.s.v.b.OptionalValidatorFactoryBean     : Failed to set up a Bean Validation provider: jakarta.validation.NoProviderFoundException: Unable to create a Configuration, because no Jakarta Bean Validation provider could be found. Add a provider like Hibernate Validator (RI) to your classpath.
2025-12-17T12:25:41.182+09:00  WARN 8740 --- [haibackend] [           main] ConfigServletWebServerApplicationContext : Exception encountered during context initialization - cancelling refresh attempt: org.springframework.beans.factory.BeanCreationException: Error creating bean with name 'dataSourceScriptDatabaseInitializer' defined in class path resource [org/springframework/boot/autoconfigure/sql/init/DataSourceInitializationConfiguration.class]: Failed to execute SQL script statement #1 of class path resource [war_data.sql]: INSERT INTO war ( name, description, war_start_date, war_end_date, result, summary, attack_country_id, defence_country_id, winner_country_id, loser_country_id ) VALUES ( '고조선-연 전쟁', '기원전 3세기 초, 중국 전국시대 연나라가 고조선을 침략한 전쟁이다. 연나라 장수 진개의 침입으로 고조선은 서쪽 영토 2천여 리를 상실하고 중심지를 이동하게 되었다. [교과서 13쪽]', '0300-01-01 BC'::date, '0280-12-31 BC'::date, '연나라 승리', '서쪽 영토 상실 및 중심지 이동(요동→한반도 북부).', (SELECT country_id FROM country WHERE country_name = '연'), (SELECT country_id FROM country WHERE country_name = '고조선'), (SELECT country_id FROM country WHERE country_name = '연'), (SELECT country_id FROM country WHERE country_name = '고조선') ), ( '고조선-한 전쟁', '기원전 109년, 한 무제가 고조선의 중계 무역 독점과 흉노와의 연계를 경계하여 침략한 전쟁이다. 왕검성에서 1년여간 항전했으나 지배층 분열로 멸망하였다. [교과서 14쪽]', '0109-01-01 BC'::date, '0108-06-01 BC'::date, '한나라 승리, 고조선 멸망', '왕검성 함락 후 한사군이 설치됨.', (SELECT country_id FROM country WHERE country_name = '한'), (SELECT country_id FROM country WHERE country_name = '고조선'), (SELECT country_id FROM country WHERE country_name = '한'), (SELECT country_id FROM country WHERE country_name = '고조선') ), ( '고구려-위 전쟁', '3세기 중반 동천왕 시기, 고구려의 서안평 선제공격에 대한 보복으로 위나라 관구검이 침입한 전쟁이다. 수도 환도성이 함락되었으나 끈질긴 항전으로 격퇴하였다. [교과서 20쪽]', DATE '0244-08-01', DATE '0245-10-01', '위나라의 일시적 승리 (후퇴)', '수도 함락의 위기를 겪었으나 유유, 밀우 등의 활약으로 적을 물리침.', (SELECT country_id FROM country WHERE country_name = '위'), (SELECT country_id FROM country WHERE country_name = '고구려'), (SELECT country_id FROM country WHERE country_name = '위'), (SELECT country_id FROM country WHERE country_name = '고구려') ), ( '고구려-전연 전쟁', '4세기 초 고국원왕 시기, 선비족이 세운 전연(모용황)이 침입한 전쟁이다. 수도가 함락되고 왕의 시신과 왕비가 인질로 잡혀가는 치욕을 겪었다. [교과서 20쪽]', DATE '0342-11-01', DATE '0343-02-01', '전연 승리', '수도 함락 및 왕실 인질 사태로 일시적으로 굴복함.', (SELECT country_id FROM country WHERE country_name = '전연'), (SELECT country_id FROM country WHERE country_name = '고구려'), (SELECT country_id FROM country WHERE country_name = '전연'), (SELECT country_id FROM country WHERE country_name = '고구려') ), ( '백제-고구려 전쟁 (4세기)', '백제 근초고왕이 북진 정책을 추진하며 고구려 평양성을 공격한 전쟁이다. 고구려 고국원왕이 전사하고 백제가 한반도 주도권을 장악하였다. [교과서 26쪽]', DATE '0369-01-01', DATE '0371-10-31', '백제 승리', '치양 전투와 평양성 전투에서 승리하여 고구려 왕을 전사시킴.', (SELECT country_id FROM country WHERE country_name = '백제'), (SELECT country_id FROM country WHERE country_name = '고구려'), (SELECT country_id FROM country WHERE country_name = '백제'), (SELECT country_id FROM country WHERE country_name = '고구려') ), ( '광개토대왕의 신라 구원전', '왜와 가야 연합군이 신라를 침공하자, 고구려 광개토대왕이 5만 대군을 파견하여 구원한 전쟁이다. [교과서 23쪽]', DATE '0400-01-01', DATE '0400-12-31', '고구려·신라 연합군 승리', '고구려군이 왜와 가야를 격퇴하고 금관가야를 쇠퇴시킴.', (SELECT country_id FROM country WHERE country_name = '왜'), (SELECT country_id FROM country WHERE country_name = '신라'), (SELECT country_id FROM country WHERE country_name = '고구려'), (SELECT country_id FROM country WHERE country_name = '왜') ), ( '고구려-백제 전쟁 (5세기)', '고구려 장수왕이 남진 정책을 추진하며 백제 수도 한성을 침공한 전쟁이다. 개로왕이 피살되고 백제는 웅진으로 천도하였다. [교과서 24쪽]', DATE '0475-09-01', DATE '0475-09-30', '고구려 승리 (한성 함락)', '고구려가 한강 유역 전체를 장악함.', (SELECT country_id FROM country WHERE country_name = '고구려'), (SELECT country_id FROM country WHERE country_name = '백제'), (SELECT country_id FROM country WHERE country_name = '고구려'), (SELECT country_id FROM country WHERE country_name = '백제') ), ( '한강 유역 점령전 (나제동맹 결렬)', '진흥왕이 백제와 연합하여 고구려를 밀어내고 한강 상류를 차지한 뒤, 나제동맹을 깨고 백제가 차지했던 한강 하류까지 기습 공격하여 독차지한 전쟁이다. [교과서 29쪽]', DATE '0551-01-01', DATE '0553-12-31', '신라 승리, 한강 유역 독점', '한강 유역을 확보하여 당항성을 통해 중국과 직접 교류할 발판을 마련함.', (SELECT country_id FROM country WHERE country_name = '신라'), (SELECT country_id FROM country WHERE country_name = '백제'), (SELECT country_id FROM country WHERE country_name = '신라'), (SELECT country_id FROM country WHERE country_name = '백제') ), ( '신라-백제 전쟁 (6세기)', '신라 진흥왕이 나제동맹을 깨고 한강 유역을 독차지하자 백제 성왕이 총공격을 감행한 전쟁이다. 관산성에서 성왕이 전사하며 신라가 승리했다. [교과서 29쪽]', DATE '0554-07-01', DATE '0554-12-01', '신라 승리', '백제 성왕 전사 및 군대 궤멸, 신라의 한강 지배권 확립.', (SELECT country_id FROM country WHERE country_name = '백제'), (SELECT country_id FROM country WHERE country_name = '신라'), (SELECT country_id FROM country WHERE country_name = '신라'), (SELECT country_id FROM country WHERE country_name = '백제') ), ( '신라-대가야 전쟁', '신라 진흥왕이 낙동강 유역 장악을 위해 대가야를 공격한 전쟁이다. 562년 관산성 전투에서 이사부와 사다함이 대가야를 멸망시켰다. [교과서 29쪽]', DATE '0562-09-01', DATE '0562-09-30', '신라 승리, 대가야 멸망', '이사부와 사다함의 활약으로 대가야가 멸망하고 대가야 연맹이 소멸함.', (SELECT country_id FROM country WHERE country_name = '신라'), (SELECT country_id FROM country WHERE country_name = '가야'), (SELECT country_id FROM country WHERE country_name = '신라'), (SELECT country_id FROM country WHERE country_name = '가야') ), ( '고구려-수 전쟁', '중국 수나라가 4차례에 걸쳐 대규모로 고구려를 침공했으나 고구려가 모두 막아낸 전쟁이다. 살수대첩이 대표적이다. [교과서 46쪽]', DATE '0598-01-01', DATE '0614-12-31', '고구려 승리', '을지문덕 등이 수나라 대군을 격파하여 나라를 지킴.', (SELECT country_id FROM country WHERE country_name = '수'), (SELECT country_id FROM country WHERE country_name = '고구려'), (SELECT country_id FROM country WHERE country_name = '고구려'), (SELECT country_id FROM country WHERE country_name = '수') ), ( '고구려-당 전쟁', '당 태종의 침입(안시성 전투)부터 나당연합군에 의한 평양성 함락까지 이어진 긴 전쟁이다. [교과서 47쪽]', DATE '0645-04-01', DATE '0668-09-21', '나당연합군 승리 (고구려 멸망)', '초기 방어에는 성공했으나 국력 소모와 내분, 나당연합군의 공격으로 멸망함.', (SELECT country_id FROM country WHERE country_name = '당'), (SELECT country_id FROM country WHERE country_name = '고구려'), (SELECT country_id FROM country WHERE country_name = '당'), (SELECT country_id FROM country WHERE country_name = '고구려') ), ( '백제 멸망전', '신라와 당 연합군이 백제를 침공한 전쟁이다. 황산벌 전투 패배와 사비성 함락으로 백제가 멸망하였다. [교과서 48쪽]', DATE '0660-07-09', DATE '0660-07-18', '나당연합군 승리 (백제 멸망)', '계백의 결사대 패배 후 의자왕 항복.', (SELECT country_id FROM country WHERE country_name = '나당연합군'), (SELECT country_id FROM country WHERE country_name = '백제'), (SELECT country_id FROM country WHERE country_name = '신라'), (SELECT country_id FROM country WHERE country_name = '백제') ), ( '백제 부흥 운동', '백제 멸망 후 복신, 도침, 흑치상지 등이 왜의 지원을 받아 전개한 부흥 전쟁이다. 백강 전투 패배로 실패했다. [교과서 48쪽]', DATE '0660-08-01', DATE '0663-09-01', '나당연합군 승리 (진압)', '백강 전투에서 왜-백제 연합군이 대패하며 운동이 소멸됨.', (SELECT country_id FROM country WHERE country_name = '백제부흥군'), (SELECT country_id FROM country WHERE country_name = '나당연합군'), (SELECT country_id FROM country WHERE country_name = '신라'), (SELECT country_id FROM country WHERE country_name = '백제부흥군') ), ( '나당 전쟁', '당나라가 한반도 전체를 지배하려 하자 신라가 당군을 축출하기 위해 벌인 전쟁이다. [교과서 49쪽]', DATE '0670-03-01', DATE '0676-11-01', '신라 승리 (삼국 통일)', '매소성과 기벌포에서 당군을 격파하여 통일을 완수함.', (SELECT country_id FROM country WHERE country_name = '신라'), (SELECT country_id FROM country WHERE country_name = '당'), (SELECT country_id FROM country WHERE country_name = '신라'), (SELECT country_id FROM country WHERE country_name = '당') ), ( '발해 건국 전쟁', '고구려 유민 대조영이 당나라 군대의 추격을 천문령에서 물리치고 발해를 건국한 전쟁이다. [교과서 51쪽]', DATE '0698-01-01', DATE '0698-12-31', '대조영 승리, 발해 건국', '천문령 전투 승리로 동모산에 나라를 세움.', (SELECT country_id FROM country WHERE country_name = '당'), (SELECT country_id FROM country WHERE country_name = '발해'), (SELECT country_id FROM country WHERE country_name = '발해'), (SELECT country_id FROM country WHERE country_name = '당') ), ( '발해-당 전쟁', '당나라가 흑수말갈을 이용해 압박하자 발해 무왕이 장문휴를 보내 등주를 선제 공격한 전쟁이다. [교과서 56쪽]', DATE '0732-09-01', DATE '0733-01-01', '발해의 선제 공격 성공', '장문휴가 당의 등주를 기습 공격하여 위세를 떨침.', (SELECT country_id FROM country WHERE country_name = '발해'), (SELECT country_id FROM country WHERE country_name = '당'), (SELECT country_id FROM country WHERE country_name = '발해'), (SELECT country_id FROM country WHERE country_name = '당') )
2025-12-17T12:25:41.185+09:00  INFO 8740 --- [haibackend] [           main] j.LocalContainerEntityManagerFactoryBean : Closing JPA EntityManagerFactory for persistence unit 'default'
2025-12-17T12:25:41.187+09:00  INFO 8740 --- [haibackend] [           main] com.zaxxer.hikari.HikariDataSource       : HikariPool-1 - Shutdown initiated...
2025-12-17T12:25:41.189+09:00  INFO 8740 --- [haibackend] [           main] com.zaxxer.hikari.HikariDataSource       : HikariPool-1 - Shutdown completed.
2025-12-17T12:25:41.203+09:00  INFO 8740 --- [haibackend] [           main] o.apache.catalina.core.StandardService   : Stopping service [Tomcat]
2025-12-17T12:25:41.209+09:00  INFO 8740 --- [haibackend] [           main] .s.b.a.l.ConditionEvaluationReportLogger : 

Error starting ApplicationContext. To display the condition evaluation report re-run your application with 'debug' enabled.
2025-12-17T12:25:41.220+09:00 ERROR 8740 --- [haibackend] [           main] o.s.boot.SpringApplication               : Application run failed

org.springframework.beans.factory.BeanCreationException: Error creating bean with name 'dataSourceScriptDatabaseInitializer' defined in class path resource [org/springframework/boot/autoconfigure/sql/init/DataSourceInitializationConfiguration.class]: Failed to execute SQL script statement #1 of class path resource [war_data.sql]: INSERT INTO war ( name, description, war_start_date, war_end_date, result, summary, attack_country_id, defence_country_id, winner_country_id, loser_country_id ) VALUES ( '고조선-연 전쟁', '기원전 3세기 초, 중국 전국시대 연나라가 고조선을 침략한 전쟁이다. 연나라 장수 진개의 침입으로 고조선은 서쪽 영토 2천여 리를 상실하고 중심지를 이동하게 되었다. [교과서 13쪽]', '0300-01-01 BC'::date, '0280-12-31 BC'::date, '연나라 승리', '서쪽 영토 상실 및 중심지 이동(요동→한반도 북부).', (SELECT country_id FROM country WHERE country_name = '연'), (SELECT country_id FROM country WHERE country_name = '고조선'), (SELECT country_id FROM country WHERE country_name = '연'), (SELECT country_id FROM country WHERE country_name = '고조선') ), ( '고조선-한 전쟁', '기원전 109년, 한 무제가 고조선의 중계 무역 독점과 흉노와의 연계를 경계하여 침략한 전쟁이다. 왕검성에서 1년여간 항전했으나 지배층 분열로 멸망하였다. [교과서 14쪽]', '0109-01-01 BC'::date, '0108-06-01 BC'::date, '한나라 승리, 고조선 멸망', '왕검성 함락 후 한사군이 설치됨.', (SELECT country_id FROM country WHERE country_name = '한'), (SELECT country_id FROM country WHERE country_name = '고조선'), (SELECT country_id FROM country WHERE country_name = '한'), (SELECT country_id FROM country WHERE country_name = '고조선') ), ( '고구려-위 전쟁', '3세기 중반 동천왕 시기, 고구려의 서안평 선제공격에 대한 보복으로 위나라 관구검이 침입한 전쟁이다. 수도 환도성이 함락되었으나 끈질긴 항전으로 격퇴하였다. [교과서 20쪽]', DATE '0244-08-01', DATE '0245-10-01', '위나라의 일시적 승리 (후퇴)', '수도 함락의 위기를 겪었으나 유유, 밀우 등의 활약으로 적을 물리침.', (SELECT country_id FROM country WHERE country_name = '위'), (SELECT country_id FROM country WHERE country_name = '고구려'), (SELECT country_id FROM country WHERE country_name = '위'), (SELECT country_id FROM country WHERE country_name = '고구려') ), ( '고구려-전연 전쟁', '4세기 초 고국원왕 시기, 선비족이 세운 전연(모용황)이 침입한 전쟁이다. 수도가 함락되고 왕의 시신과 왕비가 인질로 잡혀가는 치욕을 겪었다. [교과서 20쪽]', DATE '0342-11-01', DATE '0343-02-01', '전연 승리', '수도 함락 및 왕실 인질 사태로 일시적으로 굴복함.', (SELECT country_id FROM country WHERE country_name = '전연'), (SELECT country_id FROM country WHERE country_name = '고구려'), (SELECT country_id FROM country WHERE country_name = '전연'), (SELECT country_id FROM country WHERE country_name = '고구려') ), ( '백제-고구려 전쟁 (4세기)', '백제 근초고왕이 북진 정책을 추진하며 고구려 평양성을 공격한 전쟁이다. 고구려 고국원왕이 전사하고 백제가 한반도 주도권을 장악하였다. [교과서 26쪽]', DATE '0369-01-01', DATE '0371-10-31', '백제 승리', '치양 전투와 평양성 전투에서 승리하여 고구려 왕을 전사시킴.', (SELECT country_id FROM country WHERE country_name = '백제'), (SELECT country_id FROM country WHERE country_name = '고구려'), (SELECT country_id FROM country WHERE country_name = '백제'), (SELECT country_id FROM country WHERE country_name = '고구려') ), ( '광개토대왕의 신라 구원전', '왜와 가야 연합군이 신라를 침공하자, 고구려 광개토대왕이 5만 대군을 파견하여 구원한 전쟁이다. [교과서 23쪽]', DATE '0400-01-01', DATE '0400-12-31', '고구려·신라 연합군 승리', '고구려군이 왜와 가야를 격퇴하고 금관가야를 쇠퇴시킴.', (SELECT country_id FROM country WHERE country_name = '왜'), (SELECT country_id FROM country WHERE country_name = '신라'), (SELECT country_id FROM country WHERE country_name = '고구려'), (SELECT country_id FROM country WHERE country_name = '왜') ), ( '고구려-백제 전쟁 (5세기)', '고구려 장수왕이 남진 정책을 추진하며 백제 수도 한성을 침공한 전쟁이다. 개로왕이 피살되고 백제는 웅진으로 천도하였다. [교과서 24쪽]', DATE '0475-09-01', DATE '0475-09-30', '고구려 승리 (한성 함락)', '고구려가 한강 유역 전체를 장악함.', (SELECT country_id FROM country WHERE country_name = '고구려'), (SELECT country_id FROM country WHERE country_name = '백제'), (SELECT country_id FROM country WHERE country_name = '고구려'), (SELECT country_id FROM country WHERE country_name = '백제') ), ( '한강 유역 점령전 (나제동맹 결렬)', '진흥왕이 백제와 연합하여 고구려를 밀어내고 한강 상류를 차지한 뒤, 나제동맹을 깨고 백제가 차지했던 한강 하류까지 기습 공격하여 독차지한 전쟁이다. [교과서 29쪽]', DATE '0551-01-01', DATE '0553-12-31', '신라 승리, 한강 유역 독점', '한강 유역을 확보하여 당항성을 통해 중국과 직접 교류할 발판을 마련함.', (SELECT country_id FROM country WHERE country_name = '신라'), (SELECT country_id FROM country WHERE country_name = '백제'), (SELECT country_id FROM country WHERE country_name = '신라'), (SELECT country_id FROM country WHERE country_name = '백제') ), ( '신라-백제 전쟁 (6세기)', '신라 진흥왕이 나제동맹을 깨고 한강 유역을 독차지하자 백제 성왕이 총공격을 감행한 전쟁이다. 관산성에서 성왕이 전사하며 신라가 승리했다. [교과서 29쪽]', DATE '0554-07-01', DATE '0554-12-01', '신라 승리', '백제 성왕 전사 및 군대 궤멸, 신라의 한강 지배권 확립.', (SELECT country_id FROM country WHERE country_name = '백제'), (SELECT country_id FROM country WHERE country_name = '신라'), (SELECT country_id FROM country WHERE country_name = '신라'), (SELECT country_id FROM country WHERE country_name = '백제') ), ( '신라-대가야 전쟁', '신라 진흥왕이 낙동강 유역 장악을 위해 대가야를 공격한 전쟁이다. 562년 관산성 전투에서 이사부와 사다함이 대가야를 멸망시켰다. [교과서 29쪽]', DATE '0562-09-01', DATE '0562-09-30', '신라 승리, 대가야 멸망', '이사부와 사다함의 활약으로 대가야가 멸망하고 대가야 연맹이 소멸함.', (SELECT country_id FROM country WHERE country_name = '신라'), (SELECT country_id FROM country WHERE country_name = '가야'), (SELECT country_id FROM country WHERE country_name = '신라'), (SELECT country_id FROM country WHERE country_name = '가야') ), ( '고구려-수 전쟁', '중국 수나라가 4차례에 걸쳐 대규모로 고구려를 침공했으나 고구려가 모두 막아낸 전쟁이다. 살수대첩이 대표적이다. [교과서 46쪽]', DATE '0598-01-01', DATE '0614-12-31', '고구려 승리', '을지문덕 등이 수나라 대군을 격파하여 나라를 지킴.', (SELECT country_id FROM country WHERE country_name = '수'), (SELECT country_id FROM country WHERE country_name = '고구려'), (SELECT country_id FROM country WHERE country_name = '고구려'), (SELECT country_id FROM country WHERE country_name = '수') ), ( '고구려-당 전쟁', '당 태종의 침입(안시성 전투)부터 나당연합군에 의한 평양성 함락까지 이어진 긴 전쟁이다. [교과서 47쪽]', DATE '0645-04-01', DATE '0668-09-21', '나당연합군 승리 (고구려 멸망)', '초기 방어에는 성공했으나 국력 소모와 내분, 나당연합군의 공격으로 멸망함.', (SELECT country_id FROM country WHERE country_name = '당'), (SELECT country_id FROM country WHERE country_name = '고구려'), (SELECT country_id FROM country WHERE country_name = '당'), (SELECT country_id FROM country WHERE country_name = '고구려') ), ( '백제 멸망전', '신라와 당 연합군이 백제를 침공한 전쟁이다. 황산벌 전투 패배와 사비성 함락으로 백제가 멸망하였다. [교과서 48쪽]', DATE '0660-07-09', DATE '0660-07-18', '나당연합군 승리 (백제 멸망)', '계백의 결사대 패배 후 의자왕 항복.', (SELECT country_id FROM country WHERE country_name = '나당연합군'), (SELECT country_id FROM country WHERE country_name = '백제'), (SELECT country_id FROM country WHERE country_name = '신라'), (SELECT country_id FROM country WHERE country_name = '백제') ), ( '백제 부흥 운동', '백제 멸망 후 복신, 도침, 흑치상지 등이 왜의 지원을 받아 전개한 부흥 전쟁이다. 백강 전투 패배로 실패했다. [교과서 48쪽]', DATE '0660-08-01', DATE '0663-09-01', '나당연합군 승리 (진압)', '백강 전투에서 왜-백제 연합군이 대패하며 운동이 소멸됨.', (SELECT country_id FROM country WHERE country_name = '백제부흥군'), (SELECT country_id FROM country WHERE country_name = '나당연합군'), (SELECT country_id FROM country WHERE country_name = '신라'), (SELECT country_id FROM country WHERE country_name = '백제부흥군') ), ( '나당 전쟁', '당나라가 한반도 전체를 지배하려 하자 신라가 당군을 축출하기 위해 벌인 전쟁이다. [교과서 49쪽]', DATE '0670-03-01', DATE '0676-11-01', '신라 승리 (삼국 통일)', '매소성과 기벌포에서 당군을 격파하여 통일을 완수함.', (SELECT country_id FROM country WHERE country_name = '신라'), (SELECT country_id FROM country WHERE country_name = '당'), (SELECT country_id FROM country WHERE country_name = '신라'), (SELECT country_id FROM country WHERE country_name = '당') ), ( '발해 건국 전쟁', '고구려 유민 대조영이 당나라 군대의 추격을 천문령에서 물리치고 발해를 건국한 전쟁이다. [교과서 51쪽]', DATE '0698-01-01', DATE '0698-12-31', '대조영 승리, 발해 건국', '천문령 전투 승리로 동모산에 나라를 세움.', (SELECT country_id FROM country WHERE country_name = '당'), (SELECT country_id FROM country WHERE country_name = '발해'), (SELECT country_id FROM country WHERE country_name = '발해'), (SELECT country_id FROM country WHERE country_name = '당') ), ( '발해-당 전쟁', '당나라가 흑수말갈을 이용해 압박하자 발해 무왕이 장문휴를 보내 등주를 선제 공격한 전쟁이다. [교과서 56쪽]', DATE '0732-09-01', DATE '0733-01-01', '발해의 선제 공격 성공', '장문휴가 당의 등주를 기습 공격하여 위세를 떨침.', (SELECT country_id FROM country WHERE country_name = '발해'), (SELECT country_id FROM country WHERE country_name = '당'), (SELECT country_id FROM country WHERE country_name = '발해'), (SELECT country_id FROM country WHERE country_name = '당') )
	at org.springframework.beans.factory.support.AbstractAutowireCapableBeanFactory.initializeBean(AbstractAutowireCapableBeanFactory.java:1826) ~[spring-beans-6.2.14.jar:6.2.14]
	at org.springframework.beans.factory.support.AbstractAutowireCapableBeanFactory.doCreateBean(AbstractAutowireCapableBeanFactory.java:607) ~[spring-beans-6.2.14.jar:6.2.14]
	at org.springframework.beans.factory.support.AbstractAutowireCapableBeanFactory.createBean(AbstractAutowireCapableBeanFactory.java:529) ~[spring-beans-6.2.14.jar:6.2.14]
	at org.springframework.beans.factory.support.AbstractBeanFactory.lambda$doGetBean$0(AbstractBeanFactory.java:339) ~[spring-beans-6.2.14.jar:6.2.14]
	at org.springframework.beans.factory.support.DefaultSingletonBeanRegistry.getSingleton(DefaultSingletonBeanRegistry.java:373) ~[spring-beans-6.2.14.jar:6.2.14]
	at org.springframework.beans.factory.support.AbstractBeanFactory.doGetBean(AbstractBeanFactory.java:337) ~[spring-beans-6.2.14.jar:6.2.14]
	at org.springframework.beans.factory.support.AbstractBeanFactory.getBean(AbstractBeanFactory.java:202) ~[spring-beans-6.2.14.jar:6.2.14]
	at org.springframework.beans.factory.support.AbstractBeanFactory.doGetBean(AbstractBeanFactory.java:315) ~[spring-beans-6.2.14.jar:6.2.14]
	at org.springframework.beans.factory.support.AbstractBeanFactory.getBean(AbstractBeanFactory.java:202) ~[spring-beans-6.2.14.jar:6.2.14]
	at org.springframework.beans.factory.support.DefaultListableBeanFactory.instantiateSingleton(DefaultListableBeanFactory.java:1228) ~[spring-beans-6.2.14.jar:6.2.14]
	at org.springframework.beans.factory.support.DefaultListableBeanFactory.preInstantiateSingleton(DefaultListableBeanFactory.java:1194) ~[spring-beans-6.2.14.jar:6.2.14]
	at org.springframework.beans.factory.support.DefaultListableBeanFactory.preInstantiateSingletons(DefaultListableBeanFactory.java:1130) ~[spring-beans-6.2.14.jar:6.2.14]
	at org.springframework.context.support.AbstractApplicationContext.finishBeanFactoryInitialization(AbstractApplicationContext.java:990) ~[spring-context-6.2.14.jar:6.2.14]
	at org.springframework.context.support.AbstractApplicationContext.refresh(AbstractApplicationContext.java:627) ~[spring-context-6.2.14.jar:6.2.14]
	at org.springframework.boot.web.servlet.context.ServletWebServerApplicationContext.refresh(ServletWebServerApplicationContext.java:146) ~[spring-boot-3.4.12.jar:3.4.12]
	at org.springframework.boot.SpringApplication.refresh(SpringApplication.java:752) ~[spring-boot-3.4.12.jar:3.4.12]
	at org.springframework.boot.SpringApplication.refreshContext(SpringApplication.java:439) ~[spring-boot-3.4.12.jar:3.4.12]
	at org.springframework.boot.SpringApplication.run(SpringApplication.java:318) ~[spring-boot-3.4.12.jar:3.4.12]
	at org.springframework.boot.SpringApplication.run(SpringApplication.java:1361) ~[spring-boot-3.4.12.jar:3.4.12]
	at org.springframework.boot.SpringApplication.run(SpringApplication.java:1350) ~[spring-boot-3.4.12.jar:3.4.12]
	at com.lgcns.haibackend.HaibackendApplication.main(HaibackendApplication.java:20) ~[main/:na]
Caused by: org.springframework.jdbc.datasource.init.ScriptStatementFailedException: Failed to execute SQL script statement #1 of class path resource [war_data.sql]: INSERT INTO war ( name, description, war_start_date, war_end_date, result, summary, attack_country_id, defence_country_id, winner_country_id, loser_country_id ) VALUES ( '고조선-연 전쟁', '기원전 3세기 초, 중국 전국시대 연나라가 고조선을 침략한 전쟁이다. 연나라 장수 진개의 침입으로 고조선은 서쪽 영토 2천여 리를 상실하고 중심지를 이동하게 되었다. [교과서 13쪽]', '0300-01-01 BC'::date, '0280-12-31 BC'::date, '연나라 승리', '서쪽 영토 상실 및 중심지 이동(요동→한반도 북부).', (SELECT country_id FROM country WHERE country_name = '연'), (SELECT country_id FROM country WHERE country_name = '고조선'), (SELECT country_id FROM country WHERE country_name = '연'), (SELECT country_id FROM country WHERE country_name = '고조선') ), ( '고조선-한 전쟁', '기원전 109년, 한 무제가 고조선의 중계 무역 독점과 흉노와의 연계를 경계하여 침략한 전쟁이다. 왕검성에서 1년여간 항전했으나 지배층 분열로 멸망하였다. [교과서 14쪽]', '0109-01-01 BC'::date, '0108-06-01 BC'::date, '한나라 승리, 고조선 멸망', '왕검성 함락 후 한사군이 설치됨.', (SELECT country_id FROM country WHERE country_name = '한'), (SELECT country_id FROM country WHERE country_name = '고조선'), (SELECT country_id FROM country WHERE country_name = '한'), (SELECT country_id FROM country WHERE country_name = '고조선') ), ( '고구려-위 전쟁', '3세기 중반 동천왕 시기, 고구려의 서안평 선제공격에 대한 보복으로 위나라 관구검이 침입한 전쟁이다. 수도 환도성이 함락되었으나 끈질긴 항전으로 격퇴하였다. [교과서 20쪽]', DATE '0244-08-01', DATE '0245-10-01', '위나라의 일시적 승리 (후퇴)', '수도 함락의 위기를 겪었으나 유유, 밀우 등의 활약으로 적을 물리침.', (SELECT country_id FROM country WHERE country_name = '위'), (SELECT country_id FROM country WHERE country_name = '고구려'), (SELECT country_id FROM country WHERE country_name = '위'), (SELECT country_id FROM country WHERE country_name = '고구려') ), ( '고구려-전연 전쟁', '4세기 초 고국원왕 시기, 선비족이 세운 전연(모용황)이 침입한 전쟁이다. 수도가 함락되고 왕의 시신과 왕비가 인질로 잡혀가는 치욕을 겪었다. [교과서 20쪽]', DATE '0342-11-01', DATE '0343-02-01', '전연 승리', '수도 함락 및 왕실 인질 사태로 일시적으로 굴복함.', (SELECT country_id FROM country WHERE country_name = '전연'), (SELECT country_id FROM country WHERE country_name = '고구려'), (SELECT country_id FROM country WHERE country_name = '전연'), (SELECT country_id FROM country WHERE country_name = '고구려') ), ( '백제-고구려 전쟁 (4세기)', '백제 근초고왕이 북진 정책을 추진하며 고구려 평양성을 공격한 전쟁이다. 고구려 고국원왕이 전사하고 백제가 한반도 주도권을 장악하였다. [교과서 26쪽]', DATE '0369-01-01', DATE '0371-10-31', '백제 승리', '치양 전투와 평양성 전투에서 승리하여 고구려 왕을 전사시킴.', (SELECT country_id FROM country WHERE country_name = '백제'), (SELECT country_id FROM country WHERE country_name = '고구려'), (SELECT country_id FROM country WHERE country_name = '백제'), (SELECT country_id FROM country WHERE country_name = '고구려') ), ( '광개토대왕의 신라 구원전', '왜와 가야 연합군이 신라를 침공하자, 고구려 광개토대왕이 5만 대군을 파견하여 구원한 전쟁이다. [교과서 23쪽]', DATE '0400-01-01', DATE '0400-12-31', '고구려·신라 연합군 승리', '고구려군이 왜와 가야를 격퇴하고 금관가야를 쇠퇴시킴.', (SELECT country_id FROM country WHERE country_name = '왜'), (SELECT country_id FROM country WHERE country_name = '신라'), (SELECT country_id FROM country WHERE country_name = '고구려'), (SELECT country_id FROM country WHERE country_name = '왜') ), ( '고구려-백제 전쟁 (5세기)', '고구려 장수왕이 남진 정책을 추진하며 백제 수도 한성을 침공한 전쟁이다. 개로왕이 피살되고 백제는 웅진으로 천도하였다. [교과서 24쪽]', DATE '0475-09-01', DATE '0475-09-30', '고구려 승리 (한성 함락)', '고구려가 한강 유역 전체를 장악함.', (SELECT country_id FROM country WHERE country_name = '고구려'), (SELECT country_id FROM country WHERE country_name = '백제'), (SELECT country_id FROM country WHERE country_name = '고구려'), (SELECT country_id FROM country WHERE country_name = '백제') ), ( '한강 유역 점령전 (나제동맹 결렬)', '진흥왕이 백제와 연합하여 고구려를 밀어내고 한강 상류를 차지한 뒤, 나제동맹을 깨고 백제가 차지했던 한강 하류까지 기습 공격하여 독차지한 전쟁이다. [교과서 29쪽]', DATE '0551-01-01', DATE '0553-12-31', '신라 승리, 한강 유역 독점', '한강 유역을 확보하여 당항성을 통해 중국과 직접 교류할 발판을 마련함.', (SELECT country_id FROM country WHERE country_name = '신라'), (SELECT country_id FROM country WHERE country_name = '백제'), (SELECT country_id FROM country WHERE country_name = '신라'), (SELECT country_id FROM country WHERE country_name = '백제') ), ( '신라-백제 전쟁 (6세기)', '신라 진흥왕이 나제동맹을 깨고 한강 유역을 독차지하자 백제 성왕이 총공격을 감행한 전쟁이다. 관산성에서 성왕이 전사하며 신라가 승리했다. [교과서 29쪽]', DATE '0554-07-01', DATE '0554-12-01', '신라 승리', '백제 성왕 전사 및 군대 궤멸, 신라의 한강 지배권 확립.', (SELECT country_id FROM country WHERE country_name = '백제'), (SELECT country_id FROM country WHERE country_name = '신라'), (SELECT country_id FROM country WHERE country_name = '신라'), (SELECT country_id FROM country WHERE country_name = '백제') ), ( '신라-대가야 전쟁', '신라 진흥왕이 낙동강 유역 장악을 위해 대가야를 공격한 전쟁이다. 562년 관산성 전투에서 이사부와 사다함이 대가야를 멸망시켰다. [교과서 29쪽]', DATE '0562-09-01', DATE '0562-09-30', '신라 승리, 대가야 멸망', '이사부와 사다함의 활약으로 대가야가 멸망하고 대가야 연맹이 소멸함.', (SELECT country_id FROM country WHERE country_name = '신라'), (SELECT country_id FROM country WHERE country_name = '가야'), (SELECT country_id FROM country WHERE country_name = '신라'), (SELECT country_id FROM country WHERE country_name = '가야') ), ( '고구려-수 전쟁', '중국 수나라가 4차례에 걸쳐 대규모로 고구려를 침공했으나 고구려가 모두 막아낸 전쟁이다. 살수대첩이 대표적이다. [교과서 46쪽]', DATE '0598-01-01', DATE '0614-12-31', '고구려 승리', '을지문덕 등이 수나라 대군을 격파하여 나라를 지킴.', (SELECT country_id FROM country WHERE country_name = '수'), (SELECT country_id FROM country WHERE country_name = '고구려'), (SELECT country_id FROM country WHERE country_name = '고구려'), (SELECT country_id FROM country WHERE country_name = '수') ), ( '고구려-당 전쟁', '당 태종의 침입(안시성 전투)부터 나당연합군에 의한 평양성 함락까지 이어진 긴 전쟁이다. [교과서 47쪽]', DATE '0645-04-01', DATE '0668-09-21', '나당연합군 승리 (고구려 멸망)', '초기 방어에는 성공했으나 국력 소모와 내분, 나당연합군의 공격으로 멸망함.', (SELECT country_id FROM country WHERE country_name = '당'), (SELECT country_id FROM country WHERE country_name = '고구려'), (SELECT country_id FROM country WHERE country_name = '당'), (SELECT country_id FROM country WHERE country_name = '고구려') ), ( '백제 멸망전', '신라와 당 연합군이 백제를 침공한 전쟁이다. 황산벌 전투 패배와 사비성 함락으로 백제가 멸망하였다. [교과서 48쪽]', DATE '0660-07-09', DATE '0660-07-18', '나당연합군 승리 (백제 멸망)', '계백의 결사대 패배 후 의자왕 항복.', (SELECT country_id FROM country WHERE country_name = '나당연합군'), (SELECT country_id FROM country WHERE country_name = '백제'), (SELECT country_id FROM country WHERE country_name = '신라'), (SELECT country_id FROM country WHERE country_name = '백제') ), ( '백제 부흥 운동', '백제 멸망 후 복신, 도침, 흑치상지 등이 왜의 지원을 받아 전개한 부흥 전쟁이다. 백강 전투 패배로 실패했다. [교과서 48쪽]', DATE '0660-08-01', DATE '0663-09-01', '나당연합군 승리 (진압)', '백강 전투에서 왜-백제 연합군이 대패하며 운동이 소멸됨.', (SELECT country_id FROM country WHERE country_name = '백제부흥군'), (SELECT country_id FROM country WHERE country_name = '나당연합군'), (SELECT country_id FROM country WHERE country_name = '신라'), (SELECT country_id FROM country WHERE country_name = '백제부흥군') ), ( '나당 전쟁', '당나라가 한반도 전체를 지배하려 하자 신라가 당군을 축출하기 위해 벌인 전쟁이다. [교과서 49쪽]', DATE '0670-03-01', DATE '0676-11-01', '신라 승리 (삼국 통일)', '매소성과 기벌포에서 당군을 격파하여 통일을 완수함.', (SELECT country_id FROM country WHERE country_name = '신라'), (SELECT country_id FROM country WHERE country_name = '당'), (SELECT country_id FROM country WHERE country_name = '신라'), (SELECT country_id FROM country WHERE country_name = '당') ), ( '발해 건국 전쟁', '고구려 유민 대조영이 당나라 군대의 추격을 천문령에서 물리치고 발해를 건국한 전쟁이다. [교과서 51쪽]', DATE '0698-01-01', DATE '0698-12-31', '대조영 승리, 발해 건국', '천문령 전투 승리로 동모산에 나라를 세움.', (SELECT country_id FROM country WHERE country_name = '당'), (SELECT country_id FROM country WHERE country_name = '발해'), (SELECT country_id FROM country WHERE country_name = '발해'), (SELECT country_id FROM country WHERE country_name = '당') ), ( '발해-당 전쟁', '당나라가 흑수말갈을 이용해 압박하자 발해 무왕이 장문휴를 보내 등주를 선제 공격한 전쟁이다. [교과서 56쪽]', DATE '0732-09-01', DATE '0733-01-01', '발해의 선제 공격 성공', '장문휴가 당의 등주를 기습 공격하여 위세를 떨침.', (SELECT country_id FROM country WHERE country_name = '발해'), (SELECT country_id FROM country WHERE country_name = '당'), (SELECT country_id FROM country WHERE country_name = '발해'), (SELECT country_id FROM country WHERE country_name = '당') )
	at org.springframework.jdbc.datasource.init.ScriptUtils.executeSqlScript(ScriptUtils.java:293) ~[spring-jdbc-6.2.14.jar:6.2.14]
	at org.springframework.jdbc.datasource.init.ResourceDatabasePopulator.populate(ResourceDatabasePopulator.java:254) ~[spring-jdbc-6.2.14.jar:6.2.14]
	at org.springframework.jdbc.datasource.init.DatabasePopulatorUtils.execute(DatabasePopulatorUtils.java:54) ~[spring-jdbc-6.2.14.jar:6.2.14]
	at org.springframework.boot.jdbc.init.DataSourceScriptDatabaseInitializer.runScripts(DataSourceScriptDatabaseInitializer.java:87) ~[spring-boot-3.4.12.jar:3.4.12]
	at org.springframework.boot.sql.init.AbstractScriptDatabaseInitializer.runScripts(AbstractScriptDatabaseInitializer.java:146) ~[spring-boot-3.4.12.jar:3.4.12]
	at org.springframework.boot.sql.init.AbstractScriptDatabaseInitializer.applyScripts(AbstractScriptDatabaseInitializer.java:108) ~[spring-boot-3.4.12.jar:3.4.12]
	at org.springframework.boot.sql.init.AbstractScriptDatabaseInitializer.applyDataScripts(AbstractScriptDatabaseInitializer.java:102) ~[spring-boot-3.4.12.jar:3.4.12]
	at org.springframework.boot.sql.init.AbstractScriptDatabaseInitializer.initializeDatabase(AbstractScriptDatabaseInitializer.java:77) ~[spring-boot-3.4.12.jar:3.4.12]
	at org.springframework.boot.sql.init.AbstractScriptDatabaseInitializer.afterPropertiesSet(AbstractScriptDatabaseInitializer.java:66) ~[spring-boot-3.4.12.jar:3.4.12]
	at org.springframework.beans.factory.support.AbstractAutowireCapableBeanFactory.invokeInitMethods(AbstractAutowireCapableBeanFactory.java:1873) ~[spring-beans-6.2.14.jar:6.2.14]
	at org.springframework.beans.factory.support.AbstractAutowireCapableBeanFactory.initializeBean(AbstractAutowireCapableBeanFactory.java:1822) ~[spring-beans-6.2.14.jar:6.2.14]
	... 20 common frames omitted
Caused by: org.postgresql.util.PSQLException: 오류: "defence_country_id" 칼럼(해당 릴레이션 "war")의 null 값이 not null 제약조건을 위반했습니다.
  Detail: 실패한 자료: (0562-09-30, 0562-09-01, 05047494-5ace-4f32-ae63-703dd228ab79, null, null, 521d5145-c42e-46a6-898f-20967f7d5812, 05047494-5ace-4f32-ae63-703dd228ab79, 신라 진흥왕이 낙동강 유역 장악을 위해 대가야..., 신라-대가야 전쟁, 신라 승리, 대가야 멸망, 이사부와 사다함의 활약으로 대가야가 멸망하고...)
	at org.postgresql.core.v3.QueryExecutorImpl.receiveErrorResponse(QueryExecutorImpl.java:2736) ~[postgresql-42.7.8.jar:42.7.8]
	at org.postgresql.core.v3.QueryExecutorImpl.processResults(QueryExecutorImpl.java:2421) ~[postgresql-42.7.8.jar:42.7.8]
	at org.postgresql.core.v3.QueryExecutorImpl.execute(QueryExecutorImpl.java:372) ~[postgresql-42.7.8.jar:42.7.8]
	at org.postgresql.jdbc.PgStatement.executeInternal(PgStatement.java:525) ~[postgresql-42.7.8.jar:42.7.8]
	at org.postgresql.jdbc.PgStatement.execute(PgStatement.java:435) ~[postgresql-42.7.8.jar:42.7.8]
	at org.postgresql.jdbc.PgStatement.executeWithFlags(PgStatement.java:357) ~[postgresql-42.7.8.jar:42.7.8]
	at org.postgresql.jdbc.PgStatement.executeCachedSql(PgStatement.java:342) ~[postgresql-42.7.8.jar:42.7.8]
	at org.postgresql.jdbc.PgStatement.executeWithFlags(PgStatement.java:318) ~[postgresql-42.7.8.jar:42.7.8]
	at org.postgresql.jdbc.PgStatement.execute(PgStatement.java:313) ~[postgresql-42.7.8.jar:42.7.8]
	at com.zaxxer.hikari.pool.ProxyStatement.execute(ProxyStatement.java:94) ~[HikariCP-5.1.0.jar:na]
	at com.zaxxer.hikari.pool.HikariProxyStatement.execute(HikariProxyStatement.java) ~[HikariCP-5.1.0.jar:na]
	at org.springframework.jdbc.datasource.init.ScriptUtils.executeSqlScript(ScriptUtils.java:261) ~[spring-jdbc-6.2.14.jar:6.2.14]
	... 30 common frames omitted


> Task :bootRun FAILED
.\gradlew : 
위치 줄:1 문자:1
+ .\gradlew bootRun --stackt
race 2>&1 | Out-File -FilePa
th build_error. ...
+ ~~~~~~~~~~~~~~~~~~~~~~~~~~
~~~~~~~~~
    + CategoryInfo          
    : NotSpecified: (:Stri  
  ng) [], RemoteException
    + FullyQualifiedErrorId 
    : NativeCommandError
 
FAILURE: Build failed with a
n exception.

* What went wrong:
Execution failed for task ':
bootRun'.
> Process 'command 'C:\Progr
am Files\Microsoft\jdk-17.0.
17.10-hotspot\bin\java.exe''
 finished with non-zero exit
 value 1

* Try:
> Run with --info or --debug
 option to get more log outp
ut.
> Run with --scan to get ful
l insights.
> Get more help at https://h
elp.gradle.org.

* Exception is:
org.gradle.api.tasks.TaskExe
cutionException: Execution f
ailed for task ':bootRun'.
	at org.gradle.api.internal.
tasks.execution.ExecuteActio
nsTaskExecuter.lambda$execut
eIfValid$1(ExecuteActionsTas
kExecuter.java:130)
	at org.gradle.internal.Try$
Failure.ifSuccessfulOrElse(T
ry.java:293)
	at org.gradle.api.internal.
tasks.execution.ExecuteActio
nsTaskExecuter.executeIfVali
d(ExecuteActionsTaskExecuter
.java:128)
	at org.gradle.api.internal.
tasks.execution.ExecuteActio
nsTaskExecuter.execute(Execu
teActionsTaskExecuter.java:1
16)
	at org.gradle.api.internal.
tasks.execution.ProblemsTask
PathTrackingTaskExecuter.exe
cute(ProblemsTaskPathTrackin
gTaskExecuter.java:41)
	at org.gradle.api.internal.
tasks.execution.FinalizeProp
ertiesTaskExecuter.execute(F
inalizePropertiesTaskExecute
r.java:46)
	at org.gradle.api.internal.
tasks.execution.ResolveTaskE
xecutionModeExecuter.execute
(ResolveTaskExecutionModeExe
cuter.java:51)
	at org.gradle.api.internal.
tasks.execution.SkipTaskWith
NoActionsExecuter.execute(Sk
ipTaskWithNoActionsExecuter.
java:57)
	at org.gradle.api.internal.
tasks.execution.SkipOnlyIfTa
skExecuter.execute(SkipOnlyI
fTaskExecuter.java:74)
	at org.gradle.api.internal.
tasks.execution.CatchExcepti
onTaskExecuter.execute(Catch
ExceptionTaskExecuter.java:3
6)
	at org.gradle.api.internal.
tasks.execution.EventFiringT
askExecuter$1.executeTask(Ev
entFiringTaskExecuter.java:7
7)
	at org.gradle.api.internal.
tasks.execution.EventFiringT
askExecuter$1.call(EventFiri
ngTaskExecuter.java:55)
	at org.gradle.api.internal.
tasks.execution.EventFiringT
askExecuter$1.call(EventFiri
ngTaskExecuter.java:52)
	at org.gradle.internal.oper
ations.DefaultBuildOperation
Runner$CallableBuildOperatio
nWorker.execute(DefaultBuild
OperationRunner.java:210)
	at org.gradle.internal.oper
ations.DefaultBuildOperation
Runner$CallableBuildOperatio
nWorker.execute(DefaultBuild
OperationRunner.java:205)
	at org.gradle.internal.oper
ations.DefaultBuildOperation
Runner$2.execute(DefaultBuil
dOperationRunner.java:67)
	at org.gradle.internal.oper
ations.DefaultBuildOperation
Runner$2.execute(DefaultBuil
dOperationRunner.java:60)
	at org.gradle.internal.oper
ations.DefaultBuildOperation
Runner.execute(DefaultBuildO
perationRunner.java:167)
	at org.gradle.internal.oper
ations.DefaultBuildOperation
Runner.execute(DefaultBuildO
perationRunner.java:60)
	at org.gradle.internal.oper
ations.DefaultBuildOperation
Runner.call(DefaultBuildOper
ationRunner.java:54)
	at org.gradle.api.internal.
tasks.execution.EventFiringT
askExecuter.execute(EventFir
ingTaskExecuter.java:52)
	at org.gradle.execution.pla
n.LocalTaskNodeExecutor.exec
ute(LocalTaskNodeExecutor.ja
va:42)
	at org.gradle.execution.tas
kgraph.DefaultTaskExecutionG
raph$InvokeNodeExecutorsActi
on.execute(DefaultTaskExecut
ionGraph.java:331)
	at org.gradle.execution.tas
kgraph.DefaultTaskExecutionG
raph$InvokeNodeExecutorsActi
on.execute(DefaultTaskExecut
ionGraph.java:318)
	at org.gradle.execution.tas
kgraph.DefaultTaskExecutionG
raph$BuildOperationAwareExec
utionAction.lambda$execute$0
(DefaultTaskExecutionGraph.j
ava:314)
	at org.gradle.internal.oper
ations.CurrentBuildOperation
Ref.with(CurrentBuildOperati
onRef.java:85)
	at org.gradle.execution.tas
kgraph.DefaultTaskExecutionG
raph$BuildOperationAwareExec
utionAction.execute(DefaultT
askExecutionGraph.java:314)
	at org.gradle.execution.tas
kgraph.DefaultTaskExecutionG
raph$BuildOperationAwareExec
utionAction.execute(DefaultT
askExecutionGraph.java:303)
	at org.gradle.execution.pla
n.DefaultPlanExecutor$Execut
orWorker.execute(DefaultPlan
Executor.java:459)
	at org.gradle.execution.pla
n.DefaultPlanExecutor$Execut
orWorker.run(DefaultPlanExec
utor.java:376)
	at org.gradle.internal.conc
urrent.ExecutorPolicy$CatchA
ndRecordFailures.onExecute(E
xecutorPolicy.java:64)
	at org.gradle.internal.conc
urrent.AbstractManagedExecut
or$1.run(AbstractManagedExec
utor.java:48)
Caused by: org.gradle.proces
s.internal.ExecException: Pr
ocess 'command 'C:\Program F
iles\Microsoft\jdk-17.0.17.1
0-hotspot\bin\java.exe'' fin
ished with non-zero exit val
ue 1
	at org.gradle.process.inter
nal.DefaultExecHandle$ExecRe
sultImpl.assertNormalExitVal
ue(DefaultExecHandle.java:44
2)
	at org.gradle.process.inter
nal.DefaultJavaExecAction.ex
ecute(DefaultJavaExecAction.
java:58)
	at org.gradle.api.tasks.Jav
aExec.exec(JavaExec.java:166
)
	at org.springframework.boot
.gradle.tasks.run.BootRun.ex
ec(BootRun.java:75)
	at java.base/jdk.internal.r
eflect.NativeMethodAccessorI
mpl.invoke0(Native Method)
	at java.base/jdk.internal.r
eflect.NativeMethodAccessorI
mpl.invoke(NativeMethodAcces
sorImpl.java:77)
	at java.base/jdk.internal.r
eflect.DelegatingMethodAcces
sorImpl.invoke(DelegatingMet
hodAccessorImpl.java:43)
	at org.gradle.internal.refl
ect.JavaMethod.invoke(JavaMe
thod.java:125)
	at org.gradle.api.internal.
project.taskfactory.Standard
TaskAction.doExecute(Standar
dTaskAction.java:58)
	at org.gradle.api.internal.
project.taskfactory.Standard
TaskAction.execute(StandardT
askAction.java:51)
	at org.gradle.api.internal.
project.taskfactory.Standard
TaskAction.execute(StandardT
askAction.java:29)
	at org.gradle.api.internal.
tasks.execution.TaskExecutio
n$3.run(TaskExecution.java:2
44)
	at org.gradle.internal.oper
ations.DefaultBuildOperation
Runner$1.execute(DefaultBuil
dOperationRunner.java:30)
	at org.gradle.internal.oper
ations.DefaultBuildOperation
Runner$1.execute(DefaultBuil
dOperationRunner.java:27)
	at org.gradle.internal.oper
ations.DefaultBuildOperation
Runner$2.execute(DefaultBuil
dOperationRunner.java:67)
	at org.gradle.internal.oper
ations.DefaultBuildOperation
Runner$2.execute(DefaultBuil
dOperationRunner.java:60)
	at org.gradle.internal.oper
ations.DefaultBuildOperation
Runner.execute(DefaultBuildO
perationRunner.java:167)
	at org.gradle.internal.oper
ations.DefaultBuildOperation
Runner.execute(DefaultBuildO
perationRunner.java:60)
	at org.gradle.internal.oper
ations.DefaultBuildOperation
Runner.run(DefaultBuildOpera
tionRunner.java:48)
	at org.gradle.api.internal.
tasks.execution.TaskExecutio
n.executeAction(TaskExecutio
n.java:229)
	at org.gradle.api.internal.
tasks.execution.TaskExecutio
n.executeActions(TaskExecuti
on.java:212)
	at org.gradle.api.internal.
tasks.execution.TaskExecutio
n.executeWithPreviousOutputF
iles(TaskExecution.java:195)
	at org.gradle.api.internal.
tasks.execution.TaskExecutio
n.execute(TaskExecution.java
:162)
	at org.gradle.internal.exec
ution.steps.ExecuteStep.exec
uteInternal(ExecuteStep.java
:105)
	at org.gradle.internal.exec
ution.steps.ExecuteStep.acce
ss$000(ExecuteStep.java:44)
	at org.gradle.internal.exec
ution.steps.ExecuteStep$1.ca
ll(ExecuteStep.java:59)
	at org.gradle.internal.exec
ution.steps.ExecuteStep$1.ca
ll(ExecuteStep.java:56)
	at org.gradle.internal.oper
ations.DefaultBuildOperation
Runner$CallableBuildOperatio
nWorker.execute(DefaultBuild
OperationRunner.java:210)
	at org.gradle.internal.oper
ations.DefaultBuildOperation
Runner$CallableBuildOperatio
nWorker.execute(DefaultBuild
OperationRunner.java:205)
	at org.gradle.internal.oper
ations.DefaultBuildOperation
Runner$2.execute(DefaultBuil
dOperationRunner.java:67)
	at org.gradle.internal.oper
ations.DefaultBuildOperation
Runner$2.execute(DefaultBuil
dOperationRunner.java:60)
	at org.gradle.internal.oper
ations.DefaultBuildOperation
Runner.execute(DefaultBuildO
perationRunner.java:167)
	at org.gradle.internal.oper
ations.DefaultBuildOperation
Runner.execute(DefaultBuildO
perationRunner.java:60)
	at org.gradle.internal.oper
ations.DefaultBuildOperation
Runner.call(DefaultBuildOper
ationRunner.java:54)
	at org.gradle.internal.exec
ution.steps.ExecuteStep.exec
ute(ExecuteStep.java:56)
	at org.gradle.internal.exec
ution.steps.ExecuteStep.exec
ute(ExecuteStep.java:44)
	at org.gradle.internal.exec
ution.steps.CancelExecutionS
tep.execute(CancelExecutionS
tep.java:42)
	at org.gradle.internal.exec
ution.steps.TimeoutStep.exec
uteWithoutTimeout(TimeoutSte
p.java:75)
	at org.gradle.internal.exec
ution.steps.TimeoutStep.exec
ute(TimeoutStep.java:55)
	at org.gradle.internal.exec
ution.steps.PreCreateOutputP
arentsStep.execute(PreCreate
OutputParentsStep.java:50)
	at org.gradle.internal.exec
ution.steps.PreCreateOutputP
arentsStep.execute(PreCreate
OutputParentsStep.java:28)
	at org.gradle.internal.exec
ution.steps.RemovePreviousOu
tputsStep.execute(RemovePrev
iousOutputsStep.java:67)
	at org.gradle.internal.exec
ution.steps.RemovePreviousOu
tputsStep.execute(RemovePrev
iousOutputsStep.java:37)
	at org.gradle.internal.exec
ution.steps.BroadcastChangin
gOutputsStep.execute(Broadca
stChangingOutputsStep.java:6
1)
	at org.gradle.internal.exec
ution.steps.BroadcastChangin
gOutputsStep.execute(Broadca
stChangingOutputsStep.java:2
6)
	at org.gradle.internal.exec
ution.steps.CaptureOutputsAf
terExecutionStep.execute(Cap
tureOutputsAfterExecutionSte
p.java:69)
	at org.gradle.internal.exec
ution.steps.CaptureOutputsAf
terExecutionStep.execute(Cap
tureOutputsAfterExecutionSte
p.java:46)
	at org.gradle.internal.exec
ution.steps.ResolveInputChan
gesStep.execute(ResolveInput
ChangesStep.java:40)
	at org.gradle.internal.exec
ution.steps.ResolveInputChan
gesStep.execute(ResolveInput
ChangesStep.java:29)
	at org.gradle.internal.exec
ution.steps.BuildCacheStep.e
xecuteWithoutCache(BuildCach
eStep.java:189)
	at org.gradle.internal.exec
ution.steps.BuildCacheStep.l
ambda$execute$1(BuildCacheSt
ep.java:75)
	at org.gradle.internal.Eith
er$Right.fold(Either.java:17
5)
	at org.gradle.internal.exec
ution.caching.CachingState.f
old(CachingState.java:62)
	at org.gradle.internal.exec
ution.steps.BuildCacheStep.e
xecute(BuildCacheStep.java:7
3)
	at org.gradle.internal.exec
ution.steps.BuildCacheStep.e
xecute(BuildCacheStep.java:4
8)
	at org.gradle.internal.exec
ution.steps.StoreExecutionSt
ateStep.execute(StoreExecuti
onStateStep.java:46)
	at org.gradle.internal.exec
ution.steps.StoreExecutionSt
ateStep.execute(StoreExecuti
onStateStep.java:35)
	at org.gradle.internal.exec
ution.steps.SkipUpToDateStep
.executeBecause(SkipUpToDate
Step.java:75)
	at org.gradle.internal.exec
ution.steps.SkipUpToDateStep
.lambda$execute$2(SkipUpToDa
teStep.java:53)
	at org.gradle.internal.exec
ution.steps.SkipUpToDateStep
.execute(SkipUpToDateStep.ja
va:53)
	at org.gradle.internal.exec
ution.steps.SkipUpToDateStep
.execute(SkipUpToDateStep.ja
va:35)
	at org.gradle.internal.exec
ution.steps.legacy.MarkSnaps
hottingInputsFinishedStep.ex
ecute(MarkSnapshottingInputs
FinishedStep.java:37)
	at org.gradle.internal.exec
ution.steps.legacy.MarkSnaps
hottingInputsFinishedStep.ex
ecute(MarkSnapshottingInputs
FinishedStep.java:27)
	at org.gradle.internal.exec
ution.steps.ResolveIncrement
alCachingStateStep.executeDe
legate(ResolveIncrementalCac
hingStateStep.java:49)
	at org.gradle.internal.exec
ution.steps.ResolveIncrement
alCachingStateStep.executeDe
legate(ResolveIncrementalCac
hingStateStep.java:27)
	at org.gradle.internal.exec
ution.steps.AbstractResolveC
achingStateStep.execute(Abst
ractResolveCachingStateStep.
java:71)
	at org.gradle.internal.exec
ution.steps.AbstractResolveC
achingStateStep.execute(Abst
ractResolveCachingStateStep.
java:39)
	at org.gradle.internal.exec
ution.steps.ResolveChangesSt
ep.execute(ResolveChangesSte
p.java:65)
	at org.gradle.internal.exec
ution.steps.ResolveChangesSt
ep.execute(ResolveChangesSte
p.java:36)
	at org.gradle.internal.exec
ution.steps.ValidateStep.exe
cute(ValidateStep.java:107)
	at org.gradle.internal.exec
ution.steps.ValidateStep.exe
cute(ValidateStep.java:56)
	at org.gradle.internal.exec
ution.steps.AbstractCaptureS
tateBeforeExecutionStep.exec
ute(AbstractCaptureStateBefo
reExecutionStep.java:64)
	at org.gradle.internal.exec
ution.steps.AbstractCaptureS
tateBeforeExecutionStep.exec
ute(AbstractCaptureStateBefo
reExecutionStep.java:43)
	at org.gradle.internal.exec
ution.steps.AbstractSkipEmpt
yWorkStep.executeWithNonEmpt
ySources(AbstractSkipEmptyWo
rkStep.java:125)
	at org.gradle.internal.exec
ution.steps.AbstractSkipEmpt
yWorkStep.execute(AbstractSk
ipEmptyWorkStep.java:56)
	at org.gradle.internal.exec
ution.steps.AbstractSkipEmpt
yWorkStep.execute(AbstractSk
ipEmptyWorkStep.java:36)
	at org.gradle.internal.exec
ution.steps.legacy.MarkSnaps
hottingInputsStartedStep.exe
cute(MarkSnapshottingInputsS
tartedStep.java:38)
	at org.gradle.internal.exec
ution.steps.LoadPreviousExec
utionStateStep.execute(LoadP
reviousExecutionStateStep.ja
va:36)
	at org.gradle.internal.exec
ution.steps.LoadPreviousExec
utionStateStep.execute(LoadP
reviousExecutionStateStep.ja
va:23)
	at org.gradle.internal.exec
ution.steps.HandleStaleOutpu
tsStep.execute(HandleStaleOu
tputsStep.java:75)
	at org.gradle.internal.exec
ution.steps.HandleStaleOutpu
tsStep.execute(HandleStaleOu
tputsStep.java:41)
	at org.gradle.internal.exec
ution.steps.AssignMutableWor
kspaceStep.lambda$execute$0(
AssignMutableWorkspaceStep.j
ava:35)
	at org.gradle.api.internal.
tasks.execution.TaskExecutio
n$4.withWorkspace(TaskExecut
ion.java:289)
	at org.gradle.internal.exec
ution.steps.AssignMutableWor
kspaceStep.execute(AssignMut
ableWorkspaceStep.java:31)
	at org.gradle.internal.exec
ution.steps.AssignMutableWor
kspaceStep.execute(AssignMut
ableWorkspaceStep.java:22)
	at org.gradle.internal.exec
ution.steps.ChoosePipelineSt
ep.execute(ChoosePipelineSte
p.java:40)
	at org.gradle.internal.exec
ution.steps.ChoosePipelineSt
ep.execute(ChoosePipelineSte
p.java:23)
	at org.gradle.internal.exec
ution.steps.ExecuteWorkBuild
OperationFiringStep.lambda$e
xecute$2(ExecuteWorkBuildOpe
rationFiringStep.java:67)
	at org.gradle.internal.exec
ution.steps.ExecuteWorkBuild
OperationFiringStep.execute(
ExecuteWorkBuildOperationFir
ingStep.java:67)
4 actionable tasks: 1 executed, 3 up-to-date
	at org.gradle.internal.exec
ution.steps.ExecuteWorkBuild
OperationFiringStep.execute(
ExecuteWorkBuildOperationFir
ingStep.java:39)
	at org.gradle.internal.exec
ution.steps.IdentityCacheSte
p.execute(IdentityCacheStep.
java:46)
	at org.gradle.internal.exec
ution.steps.IdentityCacheSte
p.execute(IdentityCacheStep.
java:34)
	at org.gradle.internal.exec
ution.steps.IdentifyStep.exe
cute(IdentifyStep.java:48)
	at org.gradle.internal.exec
ution.steps.IdentifyStep.exe
cute(IdentifyStep.java:35)
	at org.gradle.internal.exec
ution.impl.DefaultExecutionE
ngine$1.execute(DefaultExecu
tionEngine.java:64)
	at org.gradle.api.internal.
tasks.execution.ExecuteActio
nsTaskExecuter.executeIfVali
d(ExecuteActionsTaskExecuter
.java:127)
	at org.gradle.api.internal.
tasks.execution.ExecuteActio
nsTaskExecuter.execute(Execu
teActionsTaskExecuter.java:1
16)
	at org.gradle.api.internal.
tasks.execution.ProblemsTask
PathTrackingTaskExecuter.exe
cute(ProblemsTaskPathTrackin
gTaskExecuter.java:41)
	at org.gradle.api.internal.
tasks.execution.FinalizeProp
ertiesTaskExecuter.execute(F
inalizePropertiesTaskExecute
r.java:46)
	at org.gradle.api.internal.
tasks.execution.ResolveTaskE
xecutionModeExecuter.execute
(ResolveTaskExecutionModeExe
cuter.java:51)
	at org.gradle.api.internal.
tasks.execution.SkipTaskWith
NoActionsExecuter.execute(Sk
ipTaskWithNoActionsExecuter.
java:57)
	at org.gradle.api.internal.
tasks.execution.SkipOnlyIfTa
skExecuter.execute(SkipOnlyI
fTaskExecuter.java:74)
	at org.gradle.api.internal.
tasks.execution.CatchExcepti
onTaskExecuter.execute(Catch
ExceptionTaskExecuter.java:3
6)
	at org.gradle.api.internal.
tasks.execution.EventFiringT
askExecuter$1.executeTask(Ev
entFiringTaskExecuter.java:7
7)
	at org.gradle.api.internal.
tasks.execution.EventFiringT
askExecuter$1.call(EventFiri
ngTaskExecuter.java:55)
	at org.gradle.api.internal.
tasks.execution.EventFiringT
askExecuter$1.call(EventFiri
ngTaskExecuter.java:52)
	at org.gradle.internal.oper
ations.DefaultBuildOperation
Runner$CallableBuildOperatio
nWorker.execute(DefaultBuild
OperationRunner.java:210)
	at org.gradle.internal.oper
ations.DefaultBuildOperation
Runner$CallableBuildOperatio
nWorker.execute(DefaultBuild
OperationRunner.java:205)
	at org.gradle.internal.oper
ations.DefaultBuildOperation
Runner$2.execute(DefaultBuil
dOperationRunner.java:67)
	at org.gradle.internal.oper
ations.DefaultBuildOperation
Runner$2.execute(DefaultBuil
dOperationRunner.java:60)
	at org.gradle.internal.oper
ations.DefaultBuildOperation
Runner.execute(DefaultBuildO
perationRunner.java:167)
	at org.gradle.internal.oper
ations.DefaultBuildOperation
Runner.execute(DefaultBuildO
perationRunner.java:60)
	at org.gradle.internal.oper
ations.DefaultBuildOperation
Runner.call(DefaultBuildOper
ationRunner.java:54)
	at org.gradle.api.internal.
tasks.execution.EventFiringT
askExecuter.execute(EventFir
ingTaskExecuter.java:52)
	at org.gradle.execution.pla
n.LocalTaskNodeExecutor.exec
ute(LocalTaskNodeExecutor.ja
va:42)
	at org.gradle.execution.tas
kgraph.DefaultTaskExecutionG
raph$InvokeNodeExecutorsActi
on.execute(DefaultTaskExecut
ionGraph.java:331)
	at org.gradle.execution.tas
kgraph.DefaultTaskExecutionG
raph$InvokeNodeExecutorsActi
on.execute(DefaultTaskExecut
ionGraph.java:318)
	at org.gradle.execution.tas
kgraph.DefaultTaskExecutionG
raph$BuildOperationAwareExec
utionAction.lambda$execute$0
(DefaultTaskExecutionGraph.j
ava:314)
	at org.gradle.internal.oper
ations.CurrentBuildOperation
Ref.with(CurrentBuildOperati
onRef.java:85)
	at org.gradle.execution.tas
kgraph.DefaultTaskExecutionG
raph$BuildOperationAwareExec
utionAction.execute(DefaultT
askExecutionGraph.java:314)
	at org.gradle.execution.tas
kgraph.DefaultTaskExecutionG
raph$BuildOperationAwareExec
utionAction.execute(DefaultT
askExecutionGraph.java:303)
	at org.gradle.execution.pla
n.DefaultPlanExecutor$Execut
orWorker.execute(DefaultPlan
Executor.java:459)
	at org.gradle.execution.pla
n.DefaultPlanExecutor$Execut
orWorker.run(DefaultPlanExec
utor.java:376)
	at org.gradle.internal.conc
urrent.ExecutorPolicy$CatchA
ndRecordFailures.onExecute(E
xecutorPolicy.java:64)
	at org.gradle.internal.conc
urrent.AbstractManagedExecut
or$1.run(AbstractManagedExec
utor.java:48)


BUILD FAILED in 8s
